
Allocating common symbols
Common symbol       size              file

GPIO_InitStructure  0x8               ..\obj\IOToggle.o

Discarded input sections

 .text          0x00000000        0x0 ..\obj\stm32f4xx_syscfg.o
 .data          0x00000000        0x0 ..\obj\stm32f4xx_syscfg.o
 .bss           0x00000000        0x0 ..\obj\stm32f4xx_syscfg.o
 .text.SYSCFG_DeInit
                0x00000000       0x1c ..\obj\stm32f4xx_syscfg.o
 .text.SYSCFG_MemoryRemapConfig
                0x00000000       0x20 ..\obj\stm32f4xx_syscfg.o
 .text.SYSCFG_ETH_MediaInterfaceConfig
                0x00000000       0x1c ..\obj\stm32f4xx_syscfg.o
 .text.SYSCFG_CompensationCellCmd
                0x00000000       0x20 ..\obj\stm32f4xx_syscfg.o
 .text.SYSCFG_GetCompensationCellStatus
                0x00000000       0x34 ..\obj\stm32f4xx_syscfg.o
 .text          0x00000000        0x0 ..\obj\startup_stm32f4xx.o
 .data          0x00000000        0x0 ..\obj\startup_stm32f4xx.o
 .bss           0x00000000        0x0 ..\obj\startup_stm32f4xx.o
 .text          0x00000000        0x0 ..\obj\main.o
 .data          0x00000000        0x0 ..\obj\main.o
 .bss           0x00000000        0x0 ..\obj\main.o
 .text          0x00000000        0x0 ..\obj\stm32f4xx_rcc.o
 .data          0x00000000       0x10 ..\obj\stm32f4xx_rcc.o
 .bss           0x00000000        0x0 ..\obj\stm32f4xx_rcc.o
 .text.RCC_DeInit
                0x00000000       0x50 ..\obj\stm32f4xx_rcc.o
 .text.RCC_HSEConfig
                0x00000000       0x24 ..\obj\stm32f4xx_rcc.o
 .text.RCC_WaitForHSEStartUp
                0x00000000       0x50 ..\obj\stm32f4xx_rcc.o
 .text.RCC_AdjustHSICalibrationValue
                0x00000000       0x3c ..\obj\stm32f4xx_rcc.o
 .text.RCC_HSICmd
                0x00000000       0x20 ..\obj\stm32f4xx_rcc.o
 .text.RCC_LSEConfig
                0x00000000       0x40 ..\obj\stm32f4xx_rcc.o
 .text.RCC_LSICmd
                0x00000000       0x20 ..\obj\stm32f4xx_rcc.o
 .text.RCC_PLLConfig
                0x00000000       0x3c ..\obj\stm32f4xx_rcc.o
 .text.RCC_PLLCmd
                0x00000000       0x20 ..\obj\stm32f4xx_rcc.o
 .text.RCC_PLLI2SConfig
                0x00000000       0x28 ..\obj\stm32f4xx_rcc.o
 .text.RCC_PLLI2SCmd
                0x00000000       0x20 ..\obj\stm32f4xx_rcc.o
 .text.RCC_ClockSecuritySystemCmd
                0x00000000       0x20 ..\obj\stm32f4xx_rcc.o
 .text.RCC_MCO1Config
                0x00000000       0x3c ..\obj\stm32f4xx_rcc.o
 .text.RCC_MCO2Config
                0x00000000       0x3c ..\obj\stm32f4xx_rcc.o
 .text.RCC_SYSCLKConfig
                0x00000000       0x38 ..\obj\stm32f4xx_rcc.o
 .text.RCC_GetSYSCLKSource
                0x00000000       0x20 ..\obj\stm32f4xx_rcc.o
 .text.RCC_HCLKConfig
                0x00000000       0x38 ..\obj\stm32f4xx_rcc.o
 .text.RCC_PCLK1Config
                0x00000000       0x38 ..\obj\stm32f4xx_rcc.o
 .text.RCC_PCLK2Config
                0x00000000       0x38 ..\obj\stm32f4xx_rcc.o
 .text.RCC_GetClocksFreq
                0x00000000      0x154 ..\obj\stm32f4xx_rcc.o
 .text.RCC_RTCCLKConfig
                0x00000000       0x5c ..\obj\stm32f4xx_rcc.o
 .text.RCC_RTCCLKCmd
                0x00000000       0x20 ..\obj\stm32f4xx_rcc.o
 .text.RCC_BackupResetCmd
                0x00000000       0x20 ..\obj\stm32f4xx_rcc.o
 .text.RCC_I2SCLKConfig
                0x00000000       0x1c ..\obj\stm32f4xx_rcc.o
 .text.RCC_AHB2PeriphClockCmd
                0x00000000       0x3c ..\obj\stm32f4xx_rcc.o
 .text.RCC_AHB3PeriphClockCmd
                0x00000000       0x3c ..\obj\stm32f4xx_rcc.o
 .text.RCC_APB1PeriphClockCmd
                0x00000000       0x3c ..\obj\stm32f4xx_rcc.o
 .text.RCC_APB2PeriphClockCmd
                0x00000000       0x3c ..\obj\stm32f4xx_rcc.o
 .text.RCC_AHB1PeriphResetCmd
                0x00000000       0x3c ..\obj\stm32f4xx_rcc.o
 .text.RCC_AHB2PeriphResetCmd
                0x00000000       0x3c ..\obj\stm32f4xx_rcc.o
 .text.RCC_AHB3PeriphResetCmd
                0x00000000       0x3c ..\obj\stm32f4xx_rcc.o
 .text.RCC_APB1PeriphResetCmd
                0x00000000       0x3c ..\obj\stm32f4xx_rcc.o
 .text.RCC_APB2PeriphResetCmd
                0x00000000       0x3c ..\obj\stm32f4xx_rcc.o
 .text.RCC_AHB1PeriphClockLPModeCmd
                0x00000000       0x3c ..\obj\stm32f4xx_rcc.o
 .text.RCC_AHB2PeriphClockLPModeCmd
                0x00000000       0x3c ..\obj\stm32f4xx_rcc.o
 .text.RCC_AHB3PeriphClockLPModeCmd
                0x00000000       0x3c ..\obj\stm32f4xx_rcc.o
 .text.RCC_APB1PeriphClockLPModeCmd
                0x00000000       0x3c ..\obj\stm32f4xx_rcc.o
 .text.RCC_APB2PeriphClockLPModeCmd
                0x00000000       0x3c ..\obj\stm32f4xx_rcc.o
 .text.RCC_ITConfig
                0x00000000       0x4c ..\obj\stm32f4xx_rcc.o
 .text.RCC_GetFlagStatus
                0x00000000       0x74 ..\obj\stm32f4xx_rcc.o
 .text.RCC_ClearFlag
                0x00000000       0x1c ..\obj\stm32f4xx_rcc.o
 .text.RCC_GetITStatus
                0x00000000       0x38 ..\obj\stm32f4xx_rcc.o
 .text.RCC_ClearITPendingBit
                0x00000000       0x20 ..\obj\stm32f4xx_rcc.o
 .text          0x00000000        0x0 ..\obj\stm32f4xx_gpio.o
 .data          0x00000000        0x0 ..\obj\stm32f4xx_gpio.o
 .bss           0x00000000        0x0 ..\obj\stm32f4xx_gpio.o
 .text.GPIO_DeInit
                0x00000000      0x120 ..\obj\stm32f4xx_gpio.o
 .text.GPIO_StructInit
                0x00000000       0x34 ..\obj\stm32f4xx_gpio.o
 .text.GPIO_PinLockConfig
                0x00000000       0x44 ..\obj\stm32f4xx_gpio.o
 .text.GPIO_ReadInputDataBit
                0x00000000       0x34 ..\obj\stm32f4xx_gpio.o
 .text.GPIO_ReadInputData
                0x00000000       0x1c ..\obj\stm32f4xx_gpio.o
 .text.GPIO_ReadOutputDataBit
                0x00000000       0x34 ..\obj\stm32f4xx_gpio.o
 .text.GPIO_ReadOutputData
                0x00000000       0x1c ..\obj\stm32f4xx_gpio.o
 .text.GPIO_SetBits
                0x00000000       0x1c ..\obj\stm32f4xx_gpio.o
 .text.GPIO_ResetBits
                0x00000000       0x1c ..\obj\stm32f4xx_gpio.o
 .text.GPIO_WriteBit
                0x00000000       0x30 ..\obj\stm32f4xx_gpio.o
 .text.GPIO_Write
                0x00000000       0x1c ..\obj\stm32f4xx_gpio.o
 .text.GPIO_PinAFConfig
                0x00000000       0x90 ..\obj\stm32f4xx_gpio.o
 .text          0x00000000        0x0 ..\obj\system_stm32f4xx.o
 .bss           0x00000000        0x0 ..\obj\system_stm32f4xx.o
 .text          0x00000000        0x0 ..\obj\IOToggle.o
 .data          0x00000000        0x0 ..\obj\IOToggle.o
 .text          0x00000000        0x0 ..\obj\stm32f4xx_exti.o
 .data          0x00000000        0x0 ..\obj\stm32f4xx_exti.o
 .bss           0x00000000        0x0 ..\obj\stm32f4xx_exti.o
 .text.EXTI_DeInit
                0x00000000       0x34 ..\obj\stm32f4xx_exti.o
 .text.EXTI_StructInit
                0x00000000       0x2c ..\obj\stm32f4xx_exti.o
 .text.EXTI_GenerateSWInterrupt
                0x00000000       0x24 ..\obj\stm32f4xx_exti.o
 .text.EXTI_GetFlagStatus
                0x00000000       0x34 ..\obj\stm32f4xx_exti.o
 .text.EXTI_ClearFlag
                0x00000000       0x1c ..\obj\stm32f4xx_exti.o
 .text          0x00000000        0x0 ..\obj\misc.o
 .data          0x00000000        0x0 ..\obj\misc.o
 .bss           0x00000000        0x0 ..\obj\misc.o
 .text.NVIC_PriorityGroupConfig
                0x00000000       0x24 ..\obj\misc.o
 .text.NVIC_SetVectorTable
                0x00000000       0x2c ..\obj\misc.o
 .text.NVIC_SystemLPConfig
                0x00000000       0x40 ..\obj\misc.o
 .text.SysTick_CLKSourceConfig
                0x00000000       0x38 ..\obj\misc.o

Memory Configuration

Name             Origin             Length             Attributes
rom              0x08000000         0x00100000         xr
ram              0x20000000         0x00020000         xrw
ram1             0x10000000         0x00010000         xrw
*default*        0x00000000         0xffffffff

Linker script and memory map

                0x20020000                _eram = 0x20020000

.text           0x08000000      0x9c0
 *(.isr_vector)
 .isr_vector    0x08000000      0x188 ..\obj\startup_stm32f4xx.o
                0x08000000                g_pfnVectors
 *(.text*)
 .text.SYSCFG_EXTILineConfig
                0x08000188       0x84 ..\obj\stm32f4xx_syscfg.o
                0x08000188                SYSCFG_EXTILineConfig
 .text.Default_Reset_Handler
                0x0800020c       0x58 ..\obj\startup_stm32f4xx.o
                0x0800020c                Default_Reset_Handler
                0x0800020c                Reset_Handler
 .text.Default_Handler
                0x08000264        0x8 ..\obj\startup_stm32f4xx.o
                0x08000264                RTC_Alarm_IRQHandler
                0x08000264                HASH_RNG_IRQHandler
                0x08000264                TIM8_CC_IRQHandler
                0x08000264                DebugMon_Handler
                0x08000264                TIM1_CC_IRQHandler
                0x08000264                DMA2_Stream5_IRQHandler
                0x08000264                HardFault_Handler
                0x08000264                DMA1_Stream5_IRQHandler
                0x08000264                SysTick_Handler
                0x08000264                PVD_IRQHandler
                0x08000264                SDIO_IRQHandler
                0x08000264                TAMP_STAMP_IRQHandler
                0x08000264                PendSV_Handler
                0x08000264                NMI_Handler
                0x08000264                CAN2_RX1_IRQHandler
                0x08000264                EXTI3_IRQHandler
                0x08000264                TIM8_TRG_COM_TIM14_IRQHandler
                0x08000264                TIM1_UP_TIM10_IRQHandler
                0x08000264                TIM8_UP_TIM13_IRQHandler
                0x08000264                I2C3_ER_IRQHandler
                0x08000264                I2C2_EV_IRQHandler
                0x08000264                DMA1_Stream2_IRQHandler
                0x08000264                CAN1_RX0_IRQHandler
                0x08000264                FPU_IRQHandler
                0x08000264                OTG_HS_WKUP_IRQHandler
                0x08000264                UsageFault_Handler
                0x08000264                CAN2_SCE_IRQHandler
                0x08000264                DMA2_Stream2_IRQHandler
                0x08000264                SPI1_IRQHandler
                0x08000264                TIM6_DAC_IRQHandler
                0x08000264                TIM1_BRK_TIM9_IRQHandler
                0x08000264                DCMI_IRQHandler
                0x08000264                CAN2_RX0_IRQHandler
                0x08000264                DMA2_Stream3_IRQHandler
                0x08000264                USART6_IRQHandler
                0x08000264                USART3_IRQHandler
                0x08000264                CRYP_IRQHandler
                0x08000264                CAN1_RX1_IRQHandler
                0x08000264                UART5_IRQHandler
                0x08000264                DMA2_Stream0_IRQHandler
                0x08000264                TIM4_IRQHandler
                0x08000264                I2C1_EV_IRQHandler
                0x08000264                DMA1_Stream6_IRQHandler
                0x08000264                DMA1_Stream1_IRQHandler
                0x08000264                UART4_IRQHandler
                0x08000264                TIM3_IRQHandler
                0x08000264                RCC_IRQHandler
                0x08000264                TIM8_BRK_TIM12_IRQHandler
                0x08000264                EXTI15_10_IRQHandler
                0x08000264                ADC_IRQHandler
                0x08000264                DMA1_Stream7_IRQHandler
                0x08000264                TIM7_IRQHandler
                0x08000264                CAN2_TX_IRQHandler
                0x08000264                TIM5_IRQHandler
                0x08000264                DMA2_Stream7_IRQHandler
                0x08000264                I2C3_EV_IRQHandler
                0x08000264                EXTI9_5_IRQHandler
                0x08000264                RTC_WKUP_IRQHandler
                0x08000264                ETH_WKUP_IRQHandler
                0x08000264                SPI2_IRQHandler
                0x08000264                OTG_HS_EP1_IN_IRQHandler
                0x08000264                MemManage_Handler
                0x08000264                DMA1_Stream0_IRQHandler
                0x08000264                CAN1_TX_IRQHandler
                0x08000264                SVC_Handler
                0x08000264                EXTI4_IRQHandler
                0x08000264                FSMC_IRQHandler
                0x08000264                ETH_IRQHandler
                0x08000264                OTG_HS_EP1_OUT_IRQHandler
                0x08000264                WWDG_IRQHandler
                0x08000264                TIM2_IRQHandler
                0x08000264                OTG_FS_WKUP_IRQHandler
                0x08000264                TIM1_TRG_COM_TIM11_IRQHandler
                0x08000264                OTG_HS_IRQHandler
                0x08000264                USART2_IRQHandler
                0x08000264                I2C2_ER_IRQHandler
                0x08000264                DMA2_Stream1_IRQHandler
                0x08000264                CAN1_SCE_IRQHandler
                0x08000264                FLASH_IRQHandler
                0x08000264                DMA2_Stream4_IRQHandler
                0x08000264                BusFault_Handler
                0x08000264                USART1_IRQHandler
                0x08000264                OTG_FS_IRQHandler
                0x08000264                SPI3_IRQHandler
                0x08000264                DMA1_Stream4_IRQHandler
                0x08000264                I2C1_ER_IRQHandler
                0x08000264                DMA2_Stream6_IRQHandler
                0x08000264                DMA1_Stream3_IRQHandler
 .text.main     0x0800026c       0x14 ..\obj\main.o
                0x0800026c                main
 .text.RCC_AHB1PeriphClockCmd
                0x08000280       0x3c ..\obj\stm32f4xx_rcc.o
                0x08000280                RCC_AHB1PeriphClockCmd
 .text.GPIO_Init
                0x080002bc      0x11c ..\obj\stm32f4xx_gpio.o
                0x080002bc                GPIO_Init
 .text.GPIO_ToggleBits
                0x080003d8       0x24 ..\obj\stm32f4xx_gpio.o
                0x080003d8                GPIO_ToggleBits
 .text.SystemInit
                0x080003fc       0x58 ..\obj\system_stm32f4xx.o
                0x080003fc                SystemInit
 .text.SystemCoreClockUpdate
                0x08000454       0xf8 ..\obj\system_stm32f4xx.o
                0x08000454                SystemCoreClockUpdate
 .text.SetSysClock
                0x0800054c       0xf4 ..\obj\system_stm32f4xx.o
 .text.IOToggle
                0x08000640       0xa4 ..\obj\IOToggle.o
                0x08000640                IOToggle
 .text.EXTI0_IRQHandler
                0x080006e4       0x3c ..\obj\IOToggle.o
                0x080006e4                EXTI0_IRQHandler
 .text.EXTI1_IRQHandler
                0x08000720       0x3c ..\obj\IOToggle.o
                0x08000720                EXTI1_IRQHandler
 .text.EXTI2_IRQHandler
                0x0800075c       0x3c ..\obj\IOToggle.o
                0x0800075c                EXTI2_IRQHandler
 .text.Delay    0x08000798       0x20 ..\obj\IOToggle.o
                0x08000798                Delay
 .text.EXTI_Init
                0x080007b8       0xe4 ..\obj\stm32f4xx_exti.o
                0x080007b8                EXTI_Init
 .text.EXTI_GetITStatus
                0x0800089c       0x48 ..\obj\stm32f4xx_exti.o
                0x0800089c                EXTI_GetITStatus
 .text.EXTI_ClearITPendingBit
                0x080008e4       0x1c ..\obj\stm32f4xx_exti.o
                0x080008e4                EXTI_ClearITPendingBit
 .text.NVIC_Init
                0x08000900       0xc0 ..\obj\misc.o
                0x08000900                NVIC_Init
 *(.init)
 *(.fini)
 *crtbegin.o(.ctors)
 *crtbegin?.o(.ctors)
 *(EXCLUDE_FILE(*crtend.o *crtend?.o) .ctors)
 *(SORT(.ctors.*))
 *(.ctors)
 *crtbegin.o(.dtors)
 *crtbegin?.o(.dtors)
 *(EXCLUDE_FILE(*crtend.o *crtend?.o) .dtors)
 *(SORT(.dtors.*))
 *(.dtors)
 *(.rodata*)
 *(.eh_fram e*)

.glue_7         0x080009c0        0x0
 .glue_7        0x00000000        0x0 linker stubs

.glue_7t        0x080009c0        0x0
 .glue_7t       0x00000000        0x0 linker stubs

.vfp11_veneer   0x080009c0        0x0
 .vfp11_veneer  0x00000000        0x0 linker stubs

.v4_bx          0x080009c0        0x0
 .v4_bx         0x00000000        0x0 linker stubs

.iplt           0x080009c0        0x0
 .iplt          0x00000000        0x0 ..\obj\stm32f4xx_syscfg.o

.rel.dyn        0x080009c0        0x0
 .rel.iplt      0x00000000        0x0 ..\obj\stm32f4xx_syscfg.o

.ARM.extab
 *(.ARM.extab* .gnu.linkonce.armextab.*)
                0x080009c0                __exidx_start = .

.ARM.exidx
 *(.ARM.exidx* .gnu.linkonce.armexidx.*)
                0x080009c0                __exidx_end = .
                0x080009c0                __etext = .
                0x080009c0                _sidata = __etext

.data           0x20000000       0x14 load address 0x080009c0
                0x20000000                __data_start__ = .
                0x20000000                _sdata = __data_start__
 *(vtable)
 *(.data*)
 .data          0x20000000       0x14 ..\obj\system_stm32f4xx.o
                0x20000000                SystemCoreClock
                0x20000004                AHBPrescTable
                0x20000014                . = ALIGN (0x4)
                0x20000014                PROVIDE (__preinit_array_start, .)
 *(.preinit_array)
                0x20000014                PROVIDE (__preinit_array_end, .)
                0x20000014                . = ALIGN (0x4)
                0x20000014                PROVIDE (__init_array_start, .)
 *(SORT(.init_array.*))
 *(.init_array)
                0x20000014                PROVIDE (__init_array_end, .)
                0x20000014                . = ALIGN (0x4)
                0x20000014                PROVIDE (__fini_array_start, .)
 *(SORT(.fini_array.*))
 *(.fini_array)
                0x20000014                PROVIDE (__fini_array_end, .)
 *(.jcr*)
                0x20000014                . = ALIGN (0x4)
                0x20000014                __data_end__ = .
                0x20000014                _edata = __data_end__

.igot.plt       0x20000014        0x0 load address 0x080009d4
 .igot.plt      0x00000000        0x0 ..\obj\stm32f4xx_syscfg.o

.bss            0x20000014       0x14 load address 0x080009d4
                0x20000014                . = ALIGN (0x4)
                0x20000014                __bss_start__ = .
                0x20000014                _sbss = __bss_start__
 *(.bss*)
 .bss           0x20000014        0xc ..\obj\IOToggle.o
                0x20000014                Drzwi_prawe
                0x20000018                Drzwi_lewe
                0x2000001c                Bagaznik
 *(COMMON)
 COMMON         0x20000020        0x8 ..\obj\IOToggle.o
                0x20000020                GPIO_InitStructure
                0x20000028                . = ALIGN (0x4)
                0x20000028                __bss_end__ = .
                0x20000028                _ebss = __bss_end__

.heap           0x20000028        0x0
                0x20000028                __end__ = .
                0x20000028                _end = __end__
                0x20000028                end = __end__
 *(.heap*)
                0x20000028                __HeapLimit = .

.co_stack       0x20000028      0x800 load address 0x080009e8
                0x20000028                . = ALIGN (0x8)
 *(.co_stack .co_stack.*)
 .co_stack      0x20000028      0x800 ..\obj\startup_stm32f4xx.o
                0x20000028                pulStack
                0x20020000                __StackTop = (ORIGIN (ram) + 0x20000)
                0x2001f800                __StackLimit = (__StackTop - SIZEOF (.co_stack))
                0x20020000                PROVIDE (__stack, __StackTop)
                0x00000001                ASSERT ((__StackLimit >= __HeapLimit), region ram  overflowed with stack)
LOAD ..\obj\stm32f4xx_syscfg.o
LOAD ..\obj\startup_stm32f4xx.o
LOAD ..\obj\main.o
LOAD ..\obj\stm32f4xx_rcc.o
LOAD ..\obj\stm32f4xx_gpio.o
LOAD ..\obj\system_stm32f4xx.o
LOAD ..\obj\IOToggle.o
LOAD ..\obj\stm32f4xx_exti.o
LOAD ..\obj\misc.o
START GROUP
LOAD f:/coocox/gnu tools arm embedded/4.0 2015eq1/bin/../lib/gcc/arm-none-eabi/4.9.3/armv7e-m\libgcc.a
LOAD f:/coocox/gnu tools arm embedded/4.0 2015eq1/bin/../lib/gcc/arm-none-eabi/4.9.3/../../../../arm-none-eabi/lib/armv7e-m\libg.a
LOAD f:/coocox/gnu tools arm embedded/4.0 2015eq1/bin/../lib/gcc/arm-none-eabi/4.9.3/../../../../arm-none-eabi/lib/armv7e-m\libc.a
END GROUP
OUTPUT(Kontrolka_drzwi.elf elf32-littlearm)

.debug_info     0x00000000     0x2aaa
 .debug_info    0x00000000      0x26c ..\obj\stm32f4xx_syscfg.o
 .debug_info    0x0000026c       0xed ..\obj\startup_stm32f4xx.o
 .debug_info    0x00000359       0x61 ..\obj\main.o
 .debug_info    0x000003ba      0xc4d ..\obj\stm32f4xx_rcc.o
 .debug_info    0x00001007      0x602 ..\obj\stm32f4xx_gpio.o
 .debug_info    0x00001609      0x592 ..\obj\system_stm32f4xx.o
 .debug_info    0x00001b9b      0x68b ..\obj\IOToggle.o
 .debug_info    0x00002226      0x347 ..\obj\stm32f4xx_exti.o
 .debug_info    0x0000256d      0x53d ..\obj\misc.o

.debug_abbrev   0x00000000      0xb52
 .debug_abbrev  0x00000000      0x131 ..\obj\stm32f4xx_syscfg.o
 .debug_abbrev  0x00000131       0xb0 ..\obj\startup_stm32f4xx.o
 .debug_abbrev  0x000001e1       0x62 ..\obj\main.o
 .debug_abbrev  0x00000243      0x1e3 ..\obj\stm32f4xx_rcc.o
 .debug_abbrev  0x00000426      0x1a3 ..\obj\stm32f4xx_gpio.o
 .debug_abbrev  0x000005c9      0x136 ..\obj\system_stm32f4xx.o
 .debug_abbrev  0x000006ff      0x169 ..\obj\IOToggle.o
 .debug_abbrev  0x00000868      0x1a5 ..\obj\stm32f4xx_exti.o
 .debug_abbrev  0x00000a0d      0x145 ..\obj\misc.o

.debug_aranges  0x00000000      0x398
 .debug_aranges
                0x00000000       0x48 ..\obj\stm32f4xx_syscfg.o
 .debug_aranges
                0x00000048       0x28 ..\obj\startup_stm32f4xx.o
 .debug_aranges
                0x00000070       0x20 ..\obj\main.o
 .debug_aranges
                0x00000090      0x178 ..\obj\stm32f4xx_rcc.o
 .debug_aranges
                0x00000208       0x88 ..\obj\stm32f4xx_gpio.o
 .debug_aranges
                0x00000290       0x30 ..\obj\system_stm32f4xx.o
 .debug_aranges
                0x000002c0       0x40 ..\obj\IOToggle.o
 .debug_aranges
                0x00000300       0x58 ..\obj\stm32f4xx_exti.o
 .debug_aranges
                0x00000358       0x40 ..\obj\misc.o

.debug_ranges   0x00000000      0x308
 .debug_ranges  0x00000000       0x38 ..\obj\stm32f4xx_syscfg.o
 .debug_ranges  0x00000038       0x18 ..\obj\startup_stm32f4xx.o
 .debug_ranges  0x00000050       0x10 ..\obj\main.o
 .debug_ranges  0x00000060      0x168 ..\obj\stm32f4xx_rcc.o
 .debug_ranges  0x000001c8       0x78 ..\obj\stm32f4xx_gpio.o
 .debug_ranges  0x00000240       0x20 ..\obj\system_stm32f4xx.o
 .debug_ranges  0x00000260       0x30 ..\obj\IOToggle.o
 .debug_ranges  0x00000290       0x48 ..\obj\stm32f4xx_exti.o
 .debug_ranges  0x000002d8       0x30 ..\obj\misc.o

.debug_line     0x00000000     0x1660
 .debug_line    0x00000000      0x232 ..\obj\stm32f4xx_syscfg.o
 .debug_line    0x00000232       0xad ..\obj\startup_stm32f4xx.o
 .debug_line    0x000002df       0x70 ..\obj\main.o
 .debug_line    0x0000034f      0x5c8 ..\obj\stm32f4xx_rcc.o
 .debug_line    0x00000917      0x36a ..\obj\stm32f4xx_gpio.o
 .debug_line    0x00000c81      0x1fd ..\obj\system_stm32f4xx.o
 .debug_line    0x00000e7e      0x2aa ..\obj\IOToggle.o
 .debug_line    0x00001128      0x2cc ..\obj\stm32f4xx_exti.o
 .debug_line    0x000013f4      0x26c ..\obj\misc.o

.debug_str      0x00000000     0x1833
 .debug_str     0x00000000      0x2a2 ..\obj\stm32f4xx_syscfg.o
                                0x300 (size before relaxing)
 .debug_str     0x000002a2       0xbc ..\obj\startup_stm32f4xx.o
                                0x153 (size before relaxing)
 .debug_str     0x0000035e       0x61 ..\obj\main.o
                                 0xdd (size before relaxing)
 .debug_str     0x000003bf      0x699 ..\obj\stm32f4xx_rcc.o
                                0x85c (size before relaxing)
 .debug_str     0x00000a58      0x32e ..\obj\stm32f4xx_gpio.o
                                0x4af (size before relaxing)
 .debug_str     0x00000d86      0x103 ..\obj\system_stm32f4xx.o
                                0x3b6 (size before relaxing)
 .debug_str     0x00000e89      0x724 ..\obj\IOToggle.o
                                0xa35 (size before relaxing)
 .debug_str     0x000015ad      0x119 ..\obj\stm32f4xx_exti.o
                                0x365 (size before relaxing)
 .debug_str     0x000016c6      0x16d ..\obj\misc.o
                                0x3da (size before relaxing)

.comment        0x00000000       0x70
 .comment       0x00000000       0x70 ..\obj\stm32f4xx_syscfg.o
                                 0x71 (size before relaxing)
 .comment       0x00000000       0x71 ..\obj\startup_stm32f4xx.o
 .comment       0x00000000       0x71 ..\obj\main.o
 .comment       0x00000000       0x71 ..\obj\stm32f4xx_rcc.o
 .comment       0x00000000       0x71 ..\obj\stm32f4xx_gpio.o
 .comment       0x00000000       0x71 ..\obj\system_stm32f4xx.o
 .comment       0x00000000       0x71 ..\obj\IOToggle.o
 .comment       0x00000000       0x71 ..\obj\stm32f4xx_exti.o
 .comment       0x00000000       0x71 ..\obj\misc.o

.ARM.attributes
                0x00000000       0x33
 .ARM.attributes
                0x00000000       0x33 ..\obj\stm32f4xx_syscfg.o
 .ARM.attributes
                0x00000033       0x33 ..\obj\startup_stm32f4xx.o
 .ARM.attributes
                0x00000066       0x33 ..\obj\main.o
 .ARM.attributes
                0x00000099       0x33 ..\obj\stm32f4xx_rcc.o
 .ARM.attributes
                0x000000cc       0x33 ..\obj\stm32f4xx_gpio.o
 .ARM.attributes
                0x000000ff       0x33 ..\obj\system_stm32f4xx.o
 .ARM.attributes
                0x00000132       0x33 ..\obj\IOToggle.o
 .ARM.attributes
                0x00000165       0x33 ..\obj\stm32f4xx_exti.o
 .ARM.attributes
                0x00000198       0x33 ..\obj\misc.o

.debug_frame    0x00000000      0xdc4
 .debug_frame   0x00000000       0xf4 ..\obj\stm32f4xx_syscfg.o
 .debug_frame   0x000000f4       0x4c ..\obj\startup_stm32f4xx.o
 .debug_frame   0x00000140       0x2c ..\obj\main.o
 .debug_frame   0x0000016c      0x6d4 ..\obj\stm32f4xx_rcc.o
 .debug_frame   0x00000840      0x23c ..\obj\stm32f4xx_gpio.o
 .debug_frame   0x00000a7c       0x7c ..\obj\system_stm32f4xx.o
 .debug_frame   0x00000af8       0xac ..\obj\IOToggle.o
 .debug_frame   0x00000ba4      0x148 ..\obj\stm32f4xx_exti.o
 .debug_frame   0x00000cec       0xd8 ..\obj\misc.o
